// Jest Snapshot v1, https://goo.gl/fbAQLP

exports[`BlankView test 1`] = `
<div>
  Blank View for Testing Purposes
</div>
`;
